Harveers-MacBook:part12-containers-applications-main harveer$ docker container run hello-world
docker: Cannot connect to the Docker daemon at unix:///Users/harveer/.docker/run/docker.sock. Is the docker daemon running?.
See 'docker run --help'.
Harveers-MacBook:part12-containers-applications-main harveer$ docker container run hello-world

Hello from Docker!
This message shows that your installation appears to be working correctly.

To generate this message, Docker took the following steps:
 1. The Docker client contacted the Docker daemon.
 2. The Docker daemon pulled the "hello-world" image from the Docker Hub.
    (amd64)
 3. The Docker daemon created a new container from that image which runs the
    executable that produces the output you are currently reading.
 4. The Docker daemon streamed that output to the Docker client, which sent it
    to your terminal.

To try something more ambitious, you can run an Ubuntu container with:
 $ docker run -it ubuntu bash

Share images, automate workflows, and more with a free Docker ID:
 https://hub.docker.com/

For more examples and ideas, visit:
 https://docs.docker.com/get-started/

Harveers-MacBook:part12-containers-applications-main harveer$ script
Script started, output file is typescript

The default interactive shell is now zsh.
To update your account to use zsh, please run `chsh -s /bin/zsh`.
For more details, please visit https://support.apple.com/kb/HT208050.
bash-3.2$ echo 'hello'
hello
bash-3.2$ exit
exit

Script done, output file is typescript
Harveers-MacBook:part12-containers-applications-main harveer$ script
Script started, output file is typescript

The default interactive shell is now zsh.
To update your account to use zsh, please run `chsh -s /bin/zsh`.
For more details, please visit https://support.apple.com/kb/HT208050.
bash-3.2$ docker run -it ubuntu bash
root@b6c0f3162624:/# 
root@b6c0f3162624:/# docker container run -it ubuntu bash
bash: docker: command not found
root@b6c0f3162624:/# docker container run -it ubuntu bash
bash: docker: command not found
root@b6c0f3162624:/# mkdir usr
mkdir: cannot create directory 'usr': File exists
root@b6c0f3162624:/# cd usr
root@b6c0f3162624:/usr# mkdir src
mkdir: cannot create directory 'src': File exists
root@b6c0f3162624:/usr# cd src
root@b6c0f3162624:/usr/src# mkdir app
root@b6c0f3162624:/usr/src# cd app
root@b6c0f3162624:/usr/src/app# touch index.js
root@b6c0f3162624:/usr/src/app# --help
bash: --help: command not found
root@b6c0f3162624:/usr/src/app# docker container run --help
bash: docker: command not found
root@b6c0f3162624:/usr/src/app# exit
exit
bash-3.2$ docker container run --help

Usage:  docker container run [OPTIONS] IMAGE [COMMAND] [ARG...]

Create and run a new container from an image

Aliases:
  docker container run, docker run

Options:
      --add-host list                  Add a custom host-to-IP mapping (host:ip)
      --annotation map                 Add an annotation to the container (passed through to the OCI
                                       runtime) (default map[])
  -a, --attach list                    Attach to STDIN, STDOUT or STDERR
      --blkio-weight uint16            Block IO (relative weight), between 10 and 1000, or 0 to disable
                                       (default 0)
      --blkio-weight-device list       Block IO weight (relative device weight) (default [])
      --cap-add list                   Add Linux capabilities
      --cap-drop list                  Drop Linux capabilities
      --cgroup-parent string           Optional parent cgroup for the container
      --cgroupns string                Cgroup namespace to use (host|private)
                                       'host':    Run the container in the Docker host's cgroup
                                       namespace
                                       'private': Run the container in its own private cgroup namespace
                                       '':        Use the cgroup namespace as configured by the
                                                  default-cgroupns-mode option on the daemon (default)
      --cidfile string                 Write the container ID to the file
      --cpu-period int                 Limit CPU CFS (Completely Fair Scheduler) period
      --cpu-quota int                  Limit CPU CFS (Completely Fair Scheduler) quota
      --cpu-rt-period int              Limit CPU real-time period in microseconds
      --cpu-rt-runtime int             Limit CPU real-time runtime in microseconds
  -c, --cpu-shares int                 CPU shares (relative weight)
      --cpus decimal                   Number of CPUs
      --cpuset-cpus string             CPUs in which to allow execution (0-3, 0,1)
      --cpuset-mems string             MEMs in which to allow execution (0-3, 0,1)
  -d, --detach                         Run container in background and print container ID
      --detach-keys string             Override the key sequence for detaching a container
      --device list                    Add a host device to the container
      --device-cgroup-rule list        Add a rule to the cgroup allowed devices list
      --device-read-bps list           Limit read rate (bytes per second) from a device (default [])
      --device-read-iops list          Limit read rate (IO per second) from a device (default [])
      --device-write-bps list          Limit write rate (bytes per second) to a device (default [])
      --device-write-iops list         Limit write rate (IO per second) to a device (default [])
      --disable-content-trust          Skip image verification (default true)
      --dns list                       Set custom DNS servers
      --dns-option list                Set DNS options
      --dns-search list                Set custom DNS search domains
      --domainname string              Container NIS domain name
      --entrypoint string              Overwrite the default ENTRYPOINT of the image
  -e, --env list                       Set environment variables
      --env-file list                  Read in a file of environment variables
      --expose list                    Expose a port or a range of ports
      --gpus gpu-request               GPU devices to add to the container ('all' to pass all GPUs)
      --group-add list                 Add additional groups to join
      --health-cmd string              Command to run to check health
      --health-interval duration       Time between running the check (ms|s|m|h) (default 0s)
      --health-retries int             Consecutive failures needed to report unhealthy
      --health-start-period duration   Start period for the container to initialize before starting
                                       health-retries countdown (ms|s|m|h) (default 0s)
      --health-timeout duration        Maximum time to allow one check to run (ms|s|m|h) (default 0s)
      --help                           Print usage
  -h, --hostname string                Container host name
      --init                           Run an init inside the container that forwards signals and reaps
                                       processes
  -i, --interactive                    Keep STDIN open even if not attached
      --ip string                      IPv4 address (e.g., 172.30.100.104)
      --ip6 string                     IPv6 address (e.g., 2001:db8::33)
      --ipc string                     IPC mode to use
      --isolation string               Container isolation technology
      --kernel-memory bytes            Kernel memory limit
  -l, --label list                     Set meta data on a container
      --label-file list                Read in a line delimited file of labels
      --link list                      Add link to another container
      --link-local-ip list             Container IPv4/IPv6 link-local addresses
      --log-driver string              Logging driver for the container
      --log-opt list                   Log driver options
      --mac-address string             Container MAC address (e.g., 92:d0:c6:0a:29:33)
  -m, --memory bytes                   Memory limit
      --memory-reservation bytes       Memory soft limit
      --memory-swap bytes              Swap limit equal to memory plus swap: '-1' to enable unlimited swap
      --memory-swappiness int          Tune container memory swappiness (0 to 100) (default -1)
      --mount mount                    Attach a filesystem mount to the container
      --name string                    Assign a name to the container
      --network network                Connect a container to a network
      --network-alias list             Add network-scoped alias for the container
      --no-healthcheck                 Disable any container-specified HEALTHCHECK
      --oom-kill-disable               Disable OOM Killer
      --oom-score-adj int              Tune host's OOM preferences (-1000 to 1000)
      --pid string                     PID namespace to use
      --pids-limit int                 Tune container pids limit (set -1 for unlimited)
      --platform string                Set platform if server is multi-platform capable
      --privileged                     Give extended privileges to this container
  -p, --publish list                   Publish a container's port(s) to the host
  -P, --publish-all                    Publish all exposed ports to random ports
      --pull string                    Pull image before running ("always", "missing", "never")
                                       (default "missing")
  -q, --quiet                          Suppress the pull output
      --read-only                      Mount the container's root filesystem as read only
      --restart string                 Restart policy to apply when a container exits (default "no")
      --rm                             Automatically remove the container when it exits
      --runtime string                 Runtime to use for this container
      --security-opt list              Security Options
      --shm-size bytes                 Size of /dev/shm
      --sig-proxy                      Proxy received signals to the process (default true)
      --stop-signal string             Signal to stop the container
      --stop-timeout int               Timeout (in seconds) to stop a container
      --storage-opt list               Storage driver options for the container
      --sysctl map                     Sysctl options (default map[])
      --tmpfs list                     Mount a tmpfs directory
  -t, --tty                            Allocate a pseudo-TTY
      --ulimit ulimit                  Ulimit options (default [])
  -u, --user string                    Username or UID (format: <name|uid>[:<group|gid>])
      --userns string                  User namespace to use
      --uts string                     UTS namespace to use
  -v, --volume list                    Bind mount a volume
      --volume-driver string           Optional volume driver for the container
      --volumes-from list              Mount volumes from the specified container(s)
  -w, --workdir string                 Working directory inside the container
bash-3.2$ docker container run --rm ubuntu ls
bin
boot
dev
etc
home
lib
lib64
media
mnt
opt
proc
root
run
sbin
srv
sys
tmp
usr
var
bash-3.2$ container ls -a
bash: container: command not found
bash-3.2$ docker container ls -a
CONTAINER ID   IMAGE         COMMAND    CREATED          STATUS                       PORTS     NAMES
b6c0f3162624   ubuntu        "bash"     17 minutes ago   Exited (127) 7 minutes ago             epic_bohr
083dddb4b59e   hello-world   "/hello"   23 minutes ago   Exited (0) 23 minutes ago              trusting_shirley
626ed37dade5   hello-world   "/hello"   19 hours ago     Exited (0) 19 hours ago                exciting_panini
bash-3.2$ docker ps
CONTAINER ID   IMAGE     COMMAND   CREATED   STATUS    PORTS     NAMES
bash-3.2$ docker start b6c0f3162624
b6c0f3162624
bash-3.2$ docker container ls -a
CONTAINER ID   IMAGE         COMMAND    CREATED          STATUS                      PORTS     NAMES
b6c0f3162624   ubuntu        "bash"     22 minutes ago   Up 49 seconds                         epic_bohr
083dddb4b59e   hello-world   "/hello"   28 minutes ago   Exited (0) 28 minutes ago             trusting_shirley
626ed37dade5   hello-world   "/hello"   19 hours ago     Exited (0) 19 hours ago               exciting_panini
bash-3.2$ docker start b6c0f3162624
b6c0f3162624
bash-3.2$ docker kill b6c0f3162624
b6c0f3162624
bash-3.2$ docker start -i b6c0f3162624
root@b6c0f3162624:/# apt-get update
Get:1 http://archive.ubuntu.com/ubuntu noble InRelease [256 kB]
Get:2 http://security.ubuntu.com/ubuntu noble-security InRelease [126 kB]
Get:3 http://archive.ubuntu.com/ubuntu noble-updates InRelease [126 kB]
Get:4 http://archive.ubuntu.com/ubuntu noble-backports InRelease [126 kB]
Get:5 http://security.ubuntu.com/ubuntu noble-security/multiverse amd64 Packages [23.0 kB]
Get:6 http://archive.ubuntu.com/ubuntu noble/restricted amd64 Packages [117 kB]
Get:7 http://security.ubuntu.com/ubuntu noble-security/universe amd64 Packages [1124 kB]      
Get:8 http://archive.ubuntu.com/ubuntu noble/universe amd64 Packages [19.3 MB]               
Get:9 http://security.ubuntu.com/ubuntu noble-security/main amd64 Packages [1239 kB]         
Get:10 http://archive.ubuntu.com/ubuntu noble/main amd64 Packages [1808 kB]                                  
Get:11 http://security.ubuntu.com/ubuntu noble-security/restricted amd64 Packages [1735 kB]                  
Get:12 http://archive.ubuntu.com/ubuntu noble/multiverse amd64 Packages [331 kB]                             
Get:13 http://archive.ubuntu.com/ubuntu noble-updates/restricted amd64 Packages [1800 kB]                    
Get:14 http://archive.ubuntu.com/ubuntu noble-updates/universe amd64 Packages [1434 kB]                      
Get:15 http://archive.ubuntu.com/ubuntu noble-updates/main amd64 Packages [1567 kB]                          
Get:16 http://archive.ubuntu.com/ubuntu noble-updates/multiverse amd64 Packages [28.1 kB]                    
Get:17 http://archive.ubuntu.com/ubuntu noble-backports/main amd64 Packages [48.8 kB]                        
Get:18 http://archive.ubuntu.com/ubuntu noble-backports/universe amd64 Packages [33.0 kB]                    
Fetched 31.2 MB in 13s (2490 kB/s)                                                                           
Reading package lists... Done
root@b6c0f3162624:/# apt-get -y install nano
Reading package lists... Done
Building dependency tree... Done
Reading state information... Done
Suggested packages:
  hunspell
The following NEW packages will be installed:
  nano
0 upgraded, 1 newly installed, 0 to remove and 9 not upgraded.
Need to get 282 kB of archives.
After this operation, 856 kB of additional disk space will be used.
Get:1 http://archive.ubuntu.com/ubuntu noble-updates/main amd64 nano amd64 7.2-2ubuntu0.1 [282 kB]
Fetched 282 kB in 1s (522 kB/s)
debconf: delaying package configuration, since apt-utils is not installed
Selecting previously unselected package nano.
(Reading database ... 4381 files and directories currently installed.)
Preparing to unpack .../nano_7.2-2ubuntu0.1_amd64.deb ...
Unpacking nano (7.2-2ubuntu0.1) ...
Setting up nano (7.2-2ubuntu0.1) ...
update-alternatives: using /bin/nano to provide /usr/bin/editor (editor) in auto mode
update-alternatives: warning: skip creation of /usr/share/man/man1/editor.1.gz because associated file /usr/share/man/man1/nano.1.gz (of link group editor) doesn't exist
update-alternatives: using /bin/nano to provide /usr/bin/pico (pico) in auto mode
update-alternatives: warning: skip creation of /usr/share/man/man1/pico.1.gz because associated file /usr/share/man/man1/nano.1.gz (of link group pico) doesn't exist
root@b6c0f3162624:/# nano /usr/src/app/index.js
root@b6c0f3162624:/# curl -sL https://deb.nodesource.com/setup_20.x | bash
apt install -y nodejs
bash: curl: command not found
Reading package lists... Done
Building dependency tree... Done
Reading state information... Done
The following additional packages will be installed:
  ca-certificates libbrotli1 libcares2 libicu74 libnghttp2-14 libnode109 libuv1t64 node-acorn node-busboy
  node-cjs-module-lexer node-undici node-xtend nodejs-doc openssl
Suggested packages:
  npm
The following NEW packages will be installed:
  ca-certificates libbrotli1 libcares2 libicu74 libnghttp2-14 libnode109 libuv1t64 node-acorn node-busboy
  node-cjs-module-lexer node-undici node-xtend nodejs nodejs-doc openssl
0 upgraded, 15 newly installed, 0 to remove and 9 not upgraded.
Need to get 28.6 MB of archives.
After this operation, 111 MB of additional disk space will be used.
Get:1 http://archive.ubuntu.com/ubuntu noble-updates/main amd64 openssl amd64 3.0.13-0ubuntu3.5 [1002 kB]
Get:2 http://archive.ubuntu.com/ubuntu noble/main amd64 ca-certificates all 20240203 [159 kB]
Get:3 http://archive.ubuntu.com/ubuntu noble-updates/main amd64 libicu74 amd64 74.2-1ubuntu3.1 [10.9 MB]
Get:4 http://archive.ubuntu.com/ubuntu noble-updates/main amd64 libnghttp2-14 amd64 1.59.0-1ubuntu0.2 [74.3 kB]
Get:5 http://archive.ubuntu.com/ubuntu noble/main amd64 libuv1t64 amd64 1.48.0-1.1build1 [97.3 kB]
Get:6 http://archive.ubuntu.com/ubuntu noble/main amd64 libbrotli1 amd64 1.1.0-2build2 [331 kB]
Get:7 http://archive.ubuntu.com/ubuntu noble/main amd64 libcares2 amd64 1.27.0-1.0ubuntu1 [73.7 kB]
Get:8 http://archive.ubuntu.com/ubuntu noble/universe amd64 node-xtend all 4.0.2-3 [3902 B]
Get:9 http://archive.ubuntu.com/ubuntu noble/universe amd64 nodejs amd64 18.19.1+dfsg-6ubuntu5 [306 kB]
Get:10 http://archive.ubuntu.com/ubuntu noble/universe amd64 node-acorn all 8.8.1+ds+~cs25.17.7-2 [115 kB]   
Get:11 http://archive.ubuntu.com/ubuntu noble/universe amd64 node-cjs-module-lexer all 1.2.3+dfsg-1 [32.1 kB]
Get:12 http://archive.ubuntu.com/ubuntu noble/universe amd64 node-busboy all 1.6.0+~cs2.6.0-2 [17.3 kB]      
Get:13 http://archive.ubuntu.com/ubuntu noble/universe amd64 node-undici all 5.26.3+dfsg1+~cs23.10.12-2 [325 kB]
Get:14 http://archive.ubuntu.com/ubuntu noble/universe amd64 libnode109 amd64 18.19.1+dfsg-6ubuntu5 [11.6 MB]
Get:15 http://archive.ubuntu.com/ubuntu noble/universe amd64 nodejs-doc all 18.19.1+dfsg-6ubuntu5 [3552 kB]  
Fetched 28.6 MB in 9s (3259 kB/s)                                                                            
debconf: delaying package configuration, since apt-utils is not installed
Selecting previously unselected package openssl.
(Reading database ... 4454 files and directories currently installed.)
Preparing to unpack .../00-openssl_3.0.13-0ubuntu3.5_amd64.deb ...
Unpacking openssl (3.0.13-0ubuntu3.5) ...
Selecting previously unselected package ca-certificates.
Preparing to unpack .../01-ca-certificates_20240203_all.deb ...
Unpacking ca-certificates (20240203) ...
Selecting previously unselected package libicu74:amd64.
Preparing to unpack .../02-libicu74_74.2-1ubuntu3.1_amd64.deb ...
Unpacking libicu74:amd64 (74.2-1ubuntu3.1) ...
Selecting previously unselected package libnghttp2-14:amd64.
Preparing to unpack .../03-libnghttp2-14_1.59.0-1ubuntu0.2_amd64.deb ...
Unpacking libnghttp2-14:amd64 (1.59.0-1ubuntu0.2) ...
Selecting previously unselected package libuv1t64:amd64.
Preparing to unpack .../04-libuv1t64_1.48.0-1.1build1_amd64.deb ...
Unpacking libuv1t64:amd64 (1.48.0-1.1build1) ...
Selecting previously unselected package libbrotli1:amd64.
Preparing to unpack .../05-libbrotli1_1.1.0-2build2_amd64.deb ...
Unpacking libbrotli1:amd64 (1.1.0-2build2) ...
Selecting previously unselected package libcares2:amd64.
Preparing to unpack .../06-libcares2_1.27.0-1.0ubuntu1_amd64.deb ...
Unpacking libcares2:amd64 (1.27.0-1.0ubuntu1) ...
Selecting previously unselected package node-xtend.
Preparing to unpack .../07-node-xtend_4.0.2-3_all.deb ...
Unpacking node-xtend (4.0.2-3) ...
Selecting previously unselected package nodejs.
Preparing to unpack .../08-nodejs_18.19.1+dfsg-6ubuntu5_amd64.deb ...
Unpacking nodejs (18.19.1+dfsg-6ubuntu5) ...
Selecting previously unselected package node-acorn.
Preparing to unpack .../09-node-acorn_8.8.1+ds+~cs25.17.7-2_all.deb ...
Unpacking node-acorn (8.8.1+ds+~cs25.17.7-2) ...
Selecting previously unselected package node-cjs-module-lexer.
Preparing to unpack .../10-node-cjs-module-lexer_1.2.3+dfsg-1_all.deb ...
Unpacking node-cjs-module-lexer (1.2.3+dfsg-1) ...
Selecting previously unselected package node-busboy.
Preparing to unpack .../11-node-busboy_1.6.0+~cs2.6.0-2_all.deb ...
Unpacking node-busboy (1.6.0+~cs2.6.0-2) ...
Selecting previously unselected package node-undici.
Preparing to unpack .../12-node-undici_5.26.3+dfsg1+~cs23.10.12-2_all.deb ...
Unpacking node-undici (5.26.3+dfsg1+~cs23.10.12-2) ...
Selecting previously unselected package libnode109:amd64.
Preparing to unpack .../13-libnode109_18.19.1+dfsg-6ubuntu5_amd64.deb ...
Unpacking libnode109:amd64 (18.19.1+dfsg-6ubuntu5) ...
Selecting previously unselected package nodejs-doc.
Preparing to unpack .../14-nodejs-doc_18.19.1+dfsg-6ubuntu5_all.deb ...
Unpacking nodejs-doc (18.19.1+dfsg-6ubuntu5) ...
Setting up libbrotli1:amd64 (1.1.0-2build2) ...
Setting up libuv1t64:amd64 (1.48.0-1.1build1) ...
Setting up libnghttp2-14:amd64 (1.59.0-1ubuntu0.2) ...
Setting up node-cjs-module-lexer (1.2.3+dfsg-1) ...
Setting up libcares2:amd64 (1.27.0-1.0ubuntu1) ...
Setting up nodejs-doc (18.19.1+dfsg-6ubuntu5) ...
Setting up libicu74:amd64 (74.2-1ubuntu3.1) ...
Setting up node-xtend (4.0.2-3) ...
Setting up openssl (3.0.13-0ubuntu3.5) ...
Setting up node-busboy (1.6.0+~cs2.6.0-2) ...
Setting up ca-certificates (20240203) ...
debconf: unable to initialize frontend: Dialog
debconf: (No usable dialog-like program is installed, so the dialog based frontend cannot be used. at /usr/share/perl5/Debconf/FrontEnd/Dialog.pm line 79.)
debconf: falling back to frontend: Readline
debconf: unable to initialize frontend: Readline
debconf: (Can't locate Term/ReadLine.pm in @INC (you may need to install the Term::ReadLine module) (@INC entries checked: /etc/perl /usr/local/lib/x86_64-linux-gnu/perl/5.38.2 /usr/local/share/perl/5.38.2 /usr/lib/x86_64-linux-gnu/perl5/5.38 /usr/share/perl5 /usr/lib/x86_64-linux-gnu/perl-base /usr/lib/x86_64-linux-gnu/perl/5.38 /usr/share/perl/5.38 /usr/local/lib/site_perl) at /usr/share/perl5/Debconf/FrontEnd/Readline.pm line 8.)
debconf: falling back to frontend: Teletype
Updating certificates in /etc/ssl/certs...
146 added, 0 removed; done.
Setting up node-undici (5.26.3+dfsg1+~cs23.10.12-2) ...
Setting up node-acorn (8.8.1+ds+~cs25.17.7-2) ...
Setting up libnode109:amd64 (18.19.1+dfsg-6ubuntu5) ...
Setting up nodejs (18.19.1+dfsg-6ubuntu5) ...
update-alternatives: using /usr/bin/nodejs to provide /usr/bin/js (js) in auto mode
update-alternatives: warning: skip creation of /usr/share/man/man1/js.1.gz because associated file /usr/share/man/man1/nodejs.1.gz (of link group js) doesn't exist
Processing triggers for libc-bin (2.39-0ubuntu8.4) ...
Processing triggers for ca-certificates (20240203) ...
Updating certificates in /etc/ssl/certs...
0 added, 0 removed; done.
Running hooks in /etc/ca-certificates/update.d...
done.
root@b6c0f3162624:/# cd usr
root@b6c0f3162624:/usr# cd src
root@b6c0f3162624:/usr/src# cd app
root@b6c0f3162624:/usr/src/app# index.js
bash: index.js: command not found
root@b6c0f3162624:/usr/src/app# ./index.js
bash: ./index.js: Permission denied
root@b6c0f3162624:/usr/src/app# nano index.js
root@b6c0f3162624:/usr/src/app# ./index.ja
bash: ./index.ja: No such file or directory
root@b6c0f3162624:/usr/src/app# ./index.ja
bash: ./index.ja: No such file or directory
root@b6c0f3162624:/usr/src/app# ./index.js
bash: ./index.js: Permission denied
root@b6c0f3162624:/usr/src/app#     chmod +x index.js
root@b6c0f3162624:/usr/src/app# ./index.js
./index.js: line 1: syntax error near unexpected token `'hello world''
./index.js: line 1: `console.log('hello world')'
root@b6c0f3162624:/usr/src/app# nano index.js
root@b6c0f3162624:/usr/src/app# ./index.js
./index.js: line 1: syntax error near unexpected token `'Hello World''
./index.js: line 1: `console.log('Hello World')'
root@b6c0f3162624:/usr/src/app# node index.js
Hello World                                                                                                                                                                                                                                                                                                                                                                                                                                                                                                                                                                                                                                                                                                                                                                                                                                                                                                                                                                                                                                                                                                                                                                                                                                                                                                                                                                                                                                                                                                                                                                                                                                                                                                                                                                                                                                                                                                                                                                                                                                                                                                                                                                                                                                                                                                                                                                                                                                                                                                                                                                                                                                                                                                                                                                                                                                                                                                                                                                                                                                                                                                                                                                                                                                                                                                                                                                                                                                                                                                                                                                                                                                                                                                                                                                                                                                                                                                                                                                                                                                                                                                                                                                                                                                                                                                                                                                                                                                                                                                                                                                                                                                                                                                                                                                                                                                                                                                                                                                                                                                                                                                                                                                                                                                                                                                                                                                                                                                                                                                                                                                                                                                                                                                                                                                                                                                                                                                                                                                                                                                                                                                                                                                                                                                                                                                                                                                                                                                                                                                                                                                                                                                                                                                                                                                                                                                                                                                                                                                                                                                                                                                                                                                                                                                                                                                                                                                                                                                                                                                                                                                                                                                                                                                                                                                                                                                                                                                                                                                                                                                                                                                                                                                                                                                                                                                                                                                                                                                                                                                                                                                                                                                                                                                                                                                                                                                                                                                                                                                                                                                                                                                                                                                                                                                                                                                                                                                                                                                                                                                                                                                                                                                                                                                                                                                                                                                                                                                                                                                                                                                                                                                                                                                                                                                                                                                                                                                                                                                                                                                                                                                                                                                                                                                                                                                                                                                                                                                                                                                                                                                                                                                                                                                                                                                                                                                                                                                                                                                                                                                                                                                                                                                                                                                                                                                                                                                                                                                                                                                                                                                                                                                                                                                                                                                                                                                                                                                                                                                                                                                                                                                                                                                                                                                                                                                                                                                                                                                                                                                                                                                                                                                                                                                                                                                                                                                                                                                                                                                                                                                                                                                                                                                                                                                                                                                                                                                                                                                                                                                                                                                                                                                                                                                                                                                                                                                                                                                                                                                                                                                                                                                                                                                                                                                                                                                                                                                                                                                                                                                                                                                                                                                                                                                                                                                                                                                                                                                                                                                                                                                                                                                                                                                                                                                                                                                                                                                                                                                                                                                                                                                                                                                                                                                                                                                                                                                                                                                                                                                                                                                                                                                                                                                                                                                                                                                                                                                                                                                                                                                                                                                                                                                                                                                                                                                                                                                                                                                                                                                                                                                                                                                                                                                                                                                                                                                                                                                                                                                                                                                                                                                                                                                                                                                                                                                                                                                                                                                                                                                                                                                                                                                                                                                                                                                                                                                                                                                                                                                                                                                                                                                                                                                                                                                                                                                                                                                                                                                                                                                                                                                                                                                                                                                                                                                                                                                                                                                                                                                                                                                                                                                                                                                                                                                                                                                                                                                                                                                                                                                                                                                                                                                                                                                                                                                                                                                                                                                                                                                                                                                                                                                                                                                                                                                                                                                                                                                                                                                                                                                                                                                                                                                                                                                                                                                                                                                                                                                                                                                                                                                                                                                                                                                                                                                                                                                                                                                                                                                                                                                                                                                                                                                                                                                                                                                                                                                                                                                                                                                                                                                                                                                                                                                                                                                                                                                                                                                                                                                                                                                                                                                                                                                                                                                                                                                                                                                                                                                                                                                                                                                                                                                                                                                                                                                                                                                                                                                                                                                                                                                                                                                                                                                                                                                                                                                                                                                                                                                                                                                                                                                                                                                                                                                                                                                                                                                                                                                                                                                                                                                                                                                                                                                                                                                                                                                                                                                                                                                                                                                                                                                                                                                                                                                                                                                                                                                                                                                                                                                                                                                                                                                                                                                                                                                                                                                                                                                                                                                                                                                                                                                                                                                                                                                                                                                                                                                                                                                                                                                                                                                                                                                                                                                                                                                                                                                                                                                                                                                                                                                                                                                                                                                                                                                                                                                                                                                                                                                                                                                                                                                                                                                                                                                                                                                                                                                                                                                                                                                                                                                                                                                                                                                                                                                                                                                                                                                                                                                                                                                                                                                                                                                                                                                                                                                                                                                                                                                                                                                                                                                                                                                                                                                                                                                                                                                                                                                                                                                                                                                                                                                                                                                                                                                                                                                                                                                                                                                                                                                                                                                                                                                                                                                                                                                                                                                                                                                                                                                                                                                                                                                                                                                                                                                                                                                                                                                                                                                                                                                                                                                                                                                                                                                                                                                                                                                                                                                                                                                                                                                                                                                                                                                                                                                                                                                                                                                                                                                                                                                                                                                                                                                                                                                                                                                                                                                                                                                                                                                                                                                                                                                                                                                                                                                                                                                                                                                                                                                                                                                                                                                                                                                                                                                                                                                                                                                                                                                                                                                                                                                                                                                                                                                                                                                                                                                                                                                                                                                                                                                                                                                                                                                                                                                                                                                                                                                                                                                                                                                                                                                                                                                                                                                                                                                                                                                                                                                                                                                                                                                                                                                                                                                                                                                                                                                                                                                                                                                                                                                                                                                                                                                                                                                                                                                                                                                                                                                                                                                                                                                                                                                                                                                                                                                                                                                                                                                                                                                                                                                                                                                                                                                                                                                                                                                                                                                                                                                                                                                                                                                                                                                                                                                                                                                                                                                                                                                                                                                                                                                                                                                                                                                                                                                                                                                                                                                                                                                                                                                                                                                                                                                                                                                                                                                                                                                                                                                                                                                                                                                                                                                                                                                                                                                                                                                                                                                                                                                                                                                                                                                                                                                                                                                                                                                                                                                                                                                                                                                                                                                                                                                                                                                                                                                                                                                                                                                                                                                                                                                                                                                                                                                                                                                                                                                                                                                                                                                                                                                                                                                                                                                                                                                                                                                                                                                                                                                                                                                                                                                                                                                                                                                                                                                                                                                                                                                                                                                                                                                                                                                                                                                                                                                                                                                                                                                                                                                                                                                                                                                                                                                                                                                                                                                                                                                                                                                                                                                                                                                                                                                                                                                                                                                                                                                                                                                                                                                                                                                                                                                                                                                                                                                                                                                                                                                                                                                                                                                                                                                                                                                                                                                                                                                                                                                                                                                                                                                                                                                                                                                                                                                                                                                                                                                                                                                                                                                                                        docker run -it hello-node-world bashdocker run -it hello-node-world bash
docker: Error response from daemon: failed to create task for container: failed to create shim task: OCI runtime create failed: runc create failed: unable to start container process: exec: "bashdocker": executable file not found in $PATH: unknown.
[31mERRO[0m[0000] error waiting for container:                 
bash-3.2$ docker run -it hello-node-world bash
[?2004h]0;root@53f84de68fab: /root@53f84de68fab:/# [7mnode /usr/src/app/index.js[27mnode /usr/src/app/index.js
[?2004lHello World
[?2004h]0;root@53f84de68fab: /root@53f84de68fab:/# [K